---
source: tui/src/chatwidget/tests/slash_commands.rs
assertion_line: 1395
expression: normalize_snapshot_paths(term.backend().vt100().screen().contents())
---

/usage daily

 Token activity
   Loading...


› Ask Codex to do anything

  🐱(^_^) ●●●●●●●●●● 100.00 (0) 💖0 · gpt-5.6-sol default · /tmp/project
